// Jest Snapshot v1, https://goo.gl/fbAQLP

exports[`UserForm component UserForm snaphot 1`] = `
Object {
  "asFragment": [Function],
  "baseElement": <body>
    <div>
      <form
        class="user-form__container"
        data-testid="user-form"
      >
        <label
          class="user-form__label"
        >
          <span>
            Name:
          </span>
          <input
            class="user-form__input undefined"
            data-testid="input-name"
            name="name"
          />
          <div
            class="user-form__errors"
          />
        </label>
        <label
          class="user-form__label"
        >
          <span>
            Surname:
          </span>
          <input
            class="user-form__input undefined"
            data-testid="input-surname"
            name="surName"
          />
          <div
            class="user-form__errors"
          />
        </label>
        <label
          class="user-form__label"
          for="date"
        >
          <span>
            Date of Birth:
          </span>
          <input
            class="user-form__input undefined"
            data-testid="input-date"
            name="date"
            type="date"
          />
          <div
            class="user-form__errors"
          />
        </label>
        <label
          class="user-form__label"
        >
          <span>
            What is your country:
          </span>
          <select
            class="user-form__input undefined"
            data-testid="select-country"
            name="country"
          >
            <option
              value=""
            >
              Select...
            </option>
            <option
              value="belarus"
            >
              Belarus
            </option>
            <option
              value="ukraine"
            >
              Ukraine
            </option>
            <option
              value="poland"
            >
              Poland
            </option>
            <option
              value="lithuania"
            >
              Lithuania
            </option>
          </select>
          <div
            class="user-form__errors"
          />
        </label>
        <div
          class="user-form__switcher"
        >
          <span>
            What is your gender?
          </span>
          <div
            class="user-form__switch-container"
          >
            <span
              class="user-form__switch-text"
            >
              Male
            </span>
            <input
              class="user-form__switch-input"
              data-testid="switch-gender"
              id="switch"
              name="gender"
              type="checkbox"
            />
            <label
              class="user-form__switch-lable"
              for="switch"
            >
              Toggle
            </label>
            <span
              class="user-form__switch-text"
            >
              Female
            </span>
          </div>
        </div>
        <div
          class="user-form__file-uploader-container"
        >
          Your avatar:
          <div
            class="user-form__file-input-container"
          >
            <input
              accept="image/jpeg,image/png"
              data-testid="input-file"
              id="form-img"
              name="img"
              style="display: none;"
              type="file"
            />
            <label
              class="user-form__file-label"
              for="form-img"
            >
              Change avatar
            </label>
            <img
              alt="preview"
              src="./no_photo.jpg"
              style="width: 7rem; height: 7rem;"
            />
          </div>
        </div>
        <label
          class="user-form__label-checkbox-container"
        >
          <div
            class="user-form__label-checkbox"
          >
            <span>
              I consent to my personal data
            </span>
            <input
              data-testid="checkbox-personal"
              name="agree"
              type="checkbox"
            />
          </div>
          <div
            class="user-form__errors"
          />
        </label>
        <div
          class="user-form__submit-container"
        >
          <button
            class="user-form__button"
            data-testid="button-submit"
            disabled=""
            type="submit"
          >
            Submit
          </button>
        </div>
      </form>
    </div>
  </body>,
  "container": <div>
    <form
      class="user-form__container"
      data-testid="user-form"
    >
      <label
        class="user-form__label"
      >
        <span>
          Name:
        </span>
        <input
          class="user-form__input undefined"
          data-testid="input-name"
          name="name"
        />
        <div
          class="user-form__errors"
        />
      </label>
      <label
        class="user-form__label"
      >
        <span>
          Surname:
        </span>
        <input
          class="user-form__input undefined"
          data-testid="input-surname"
          name="surName"
        />
        <div
          class="user-form__errors"
        />
      </label>
      <label
        class="user-form__label"
        for="date"
      >
        <span>
          Date of Birth:
        </span>
        <input
          class="user-form__input undefined"
          data-testid="input-date"
          name="date"
          type="date"
        />
        <div
          class="user-form__errors"
        />
      </label>
      <label
        class="user-form__label"
      >
        <span>
          What is your country:
        </span>
        <select
          class="user-form__input undefined"
          data-testid="select-country"
          name="country"
        >
          <option
            value=""
          >
            Select...
          </option>
          <option
            value="belarus"
          >
            Belarus
          </option>
          <option
            value="ukraine"
          >
            Ukraine
          </option>
          <option
            value="poland"
          >
            Poland
          </option>
          <option
            value="lithuania"
          >
            Lithuania
          </option>
        </select>
        <div
          class="user-form__errors"
        />
      </label>
      <div
        class="user-form__switcher"
      >
        <span>
          What is your gender?
        </span>
        <div
          class="user-form__switch-container"
        >
          <span
            class="user-form__switch-text"
          >
            Male
          </span>
          <input
            class="user-form__switch-input"
            data-testid="switch-gender"
            id="switch"
            name="gender"
            type="checkbox"
          />
          <label
            class="user-form__switch-lable"
            for="switch"
          >
            Toggle
          </label>
          <span
            class="user-form__switch-text"
          >
            Female
          </span>
        </div>
      </div>
      <div
        class="user-form__file-uploader-container"
      >
        Your avatar:
        <div
          class="user-form__file-input-container"
        >
          <input
            accept="image/jpeg,image/png"
            data-testid="input-file"
            id="form-img"
            name="img"
            style="display: none;"
            type="file"
          />
          <label
            class="user-form__file-label"
            for="form-img"
          >
            Change avatar
          </label>
          <img
            alt="preview"
            src="./no_photo.jpg"
            style="width: 7rem; height: 7rem;"
          />
        </div>
      </div>
      <label
        class="user-form__label-checkbox-container"
      >
        <div
          class="user-form__label-checkbox"
        >
          <span>
            I consent to my personal data
          </span>
          <input
            data-testid="checkbox-personal"
            name="agree"
            type="checkbox"
          />
        </div>
        <div
          class="user-form__errors"
        />
      </label>
      <div
        class="user-form__submit-container"
      >
        <button
          class="user-form__button"
          data-testid="button-submit"
          disabled=""
          type="submit"
        >
          Submit
        </button>
      </div>
    </form>
  </div>,
  "debug": [Function],
  "findAllByAltText": [Function],
  "findAllByDisplayValue": [Function],
  "findAllByLabelText": [Function],
  "findAllByPlaceholderText": [Function],
  "findAllByRole": [Function],
  "findAllByTestId": [Function],
  "findAllByText": [Function],
  "findAllByTitle": [Function],
  "findByAltText": [Function],
  "findByDisplayValue": [Function],
  "findByLabelText": [Function],
  "findByPlaceholderText": [Function],
  "findByRole": [Function],
  "findByTestId": [Function],
  "findByText": [Function],
  "findByTitle": [Function],
  "getAllByAltText": [Function],
  "getAllByDisplayValue": [Function],
  "getAllByLabelText": [Function],
  "getAllByPlaceholderText": [Function],
  "getAllByRole": [Function],
  "getAllByTestId": [Function],
  "getAllByText": [Function],
  "getAllByTitle": [Function],
  "getByAltText": [Function],
  "getByDisplayValue": [Function],
  "getByLabelText": [Function],
  "getByPlaceholderText": [Function],
  "getByRole": [Function],
  "getByTestId": [Function],
  "getByText": [Function],
  "getByTitle": [Function],
  "queryAllByAltText": [Function],
  "queryAllByDisplayValue": [Function],
  "queryAllByLabelText": [Function],
  "queryAllByPlaceholderText": [Function],
  "queryAllByRole": [Function],
  "queryAllByTestId": [Function],
  "queryAllByText": [Function],
  "queryAllByTitle": [Function],
  "queryByAltText": [Function],
  "queryByDisplayValue": [Function],
  "queryByLabelText": [Function],
  "queryByPlaceholderText": [Function],
  "queryByRole": [Function],
  "queryByTestId": [Function],
  "queryByText": [Function],
  "queryByTitle": [Function],
  "rerender": [Function],
  "unmount": [Function],
}
`;
